{
	"q": "SELECT e/ehr_id/value, c/uid/value, o/uid/value, p/time/value FROM EHR e CONTAINS COMPOSITION c CONTAINS OBSERVATION o CONTAINS POINT_EVENT p",
	"columns": [
		{
			"path": "e/ehr_id/value",
			"name": "#0"
		},
		{
			"path": "c/uid/value",
			"name": "#1"
		},
		{
			"path": "o/uid/value",
			"name": "#2"
		},
		{
			"path": "p/time/value",
			"name": "#3"
		}
	],
	"rows": [
		[
			"db5fda86-1822-4b1b-8857-e75091f39c42",
			"2dc61804-9c11-4deb-aa69-4be3ba0028d2::local.ehrbase.org::1",
			"2dc61804-9c11-4deb-aa69-4be3ba0028d2::local.ehrbase.org::1",
			"2022-02-03T04:05:06"
		],
		[
			"db5fda86-1822-4b1b-8857-e75091f39c42",
			"2dc61804-9c11-4deb-aa69-4be3ba0028d2::local.ehrbase.org::1",
			"2dc61804-9c11-4deb-aa69-4be3ba0028d2::local.ehrbase.org::1",
			"2022-02-03T04:05:06"
		],
		[
			"db5fda86-1822-4b1b-8857-e75091f39c42",
			"2dc61804-9c11-4deb-aa69-4be3ba0028d2::local.ehrbase.org::1",
			"2dc61804-9c11-4deb-aa69-4be3ba0028d2::local.ehrbase.org::1",
			"2022-02-03T04:05:06"
		],
		[
			"db5fda86-1822-4b1b-8857-e75091f39c42",
			"2dc61804-9c11-4deb-aa69-4be3ba0028d2::local.ehrbase.org::1",
			"2dc61804-9c11-4deb-aa69-4be3ba0028d2::local.ehrbase.org::1",
			"2022-02-03T04:05:06"
		],
		[
			"db5fda86-1822-4b1b-8857-e75091f39c42",
			"2dc61804-9c11-4deb-aa69-4be3ba0028d2::local.ehrbase.org::1",
			"2dc61804-9c11-4deb-aa69-4be3ba0028d2::local.ehrbase.org::1",
			"2022-02-03T04:05:06"
		],
		[
			"db5fda86-1822-4b1b-8857-e75091f39c42",
			"eac6ddb2-5e91-4ce5-aa01-8d4d3ff5e452::local.ehrbase.org::1",
			"eac6ddb2-5e91-4ce5-aa01-8d4d3ff5e452::local.ehrbase.org::1",
			"2022-02-03T04:05:06"
		],
		[
			"db5fda86-1822-4b1b-8857-e75091f39c42",
			"eac6ddb2-5e91-4ce5-aa01-8d4d3ff5e452::local.ehrbase.org::1",
			"eac6ddb2-5e91-4ce5-aa01-8d4d3ff5e452::local.ehrbase.org::1",
			"2022-02-03T04:05:06"
		],
		[
			"db5fda86-1822-4b1b-8857-e75091f39c42",
			"eac6ddb2-5e91-4ce5-aa01-8d4d3ff5e452::local.ehrbase.org::1",
			"eac6ddb2-5e91-4ce5-aa01-8d4d3ff5e452::local.ehrbase.org::1",
			"2022-02-03T04:05:06"
		],
		[
			"db5fda86-1822-4b1b-8857-e75091f39c42",
			"eac6ddb2-5e91-4ce5-aa01-8d4d3ff5e452::local.ehrbase.org::1",
			"eac6ddb2-5e91-4ce5-aa01-8d4d3ff5e452::local.ehrbase.org::1",
			"2022-02-03T04:05:06"
		],
		[
			"db5fda86-1822-4b1b-8857-e75091f39c42",
			"eac6ddb2-5e91-4ce5-aa01-8d4d3ff5e452::local.ehrbase.org::1",
			"eac6ddb2-5e91-4ce5-aa01-8d4d3ff5e452::local.ehrbase.org::1",
			"2022-02-03T04:05:06"
		]
	]
}